........................................................................ [  2%]
...................sssssssssssssssssss.................................. [  5%]
........................................................................ [  8%]
........................................................................ [ 11%]
........................................................................ [ 13%]
........................................................................ [ 16%]
........................................................................ [ 19%]
........................................................................ [ 22%]
........................................................................ [ 25%]
........................................................................ [ 27%]
........................................................................ [ 30%]
........................................................................ [ 33%]
.ssss................................................................... [ 36%]
..............ss...sssssssssssssssssssssssss............................ [ 38%]
........................................................................ [ 41%]
........................................................................ [ 44%]
........................................................................ [ 47%]
........................................................................ [ 50%]
........................................................................ [ 52%]
........................................................................ [ 55%]
........................................................................ [ 58%]
........................................................................ [ 61%]
........................................................................ [ 63%]
........................................................................ [ 66%]
........................................................................ [ 69%]
......ss...............s................................................ [ 72%]
........................................................................ [ 75%]
.....................................................s.................. [ 77%]
........................................................................ [ 80%]
........................................................................ [ 83%]
........................................................................ [ 86%]
..................................s..................................... [ 88%]
........................................................................ [ 91%]
........................................................................ [ 94%]
........................................................................ [ 97%]
......................................................................   [100%]
=========================== short test summary info ============================
SKIPPED [3] tests/test_benchmark_snapshot.py:28: requires sealed memfd execution
SKIPPED [1] tests/test_benchmark_snapshot.py:66: requires sealed memfd execution
SKIPPED [1] tests/test_benchmark_snapshot.py:86: requires sealed memfd execution
SKIPPED [2] tests/test_benchmark_snapshot.py:104: requires sealed memfd execution
SKIPPED [4] tests/test_benchmark_snapshot.py:132: requires sealed memfd execution
SKIPPED [1] tests/test_benchmark_snapshot.py:169: requires sealed memfd execution
SKIPPED [3] tests/test_benchmark_snapshot.py:183: requires sealed memfd execution
SKIPPED [1] tests/test_benchmark_snapshot.py:205: requires sealed memfd execution
SKIPPED [3] tests/test_benchmark_snapshot.py:223: requires sealed memfd execution
SKIPPED [1] tests/test_input_boundaries.py:307: requires sealed memfd descriptor execution
SKIPPED [3] tests/test_input_boundaries.py:361: requires sealed memfd immutable snapshot
SKIPPED [1] tests/test_input_boundaries.py:982: requires Windows reparse-point APIs
SKIPPED [1] tests/test_input_boundaries.py:1004: requires Windows reparse-point APIs
SKIPPED [25] tests/test_input_boundaries.py:1163: requires Windows process Job APIs
SKIPPED [2] tests/test_semantic_registry_distribution.py:122: built distribution paths are supplied by the distribution lane
SKIPPED [1] tests/test_signal_fixture.py:50: pinned Freqtrade source checkout is required for regeneration
SKIPPED [1] tests/test_tag_fixture.py:56: pinned Freqtrade source checkout is required for regeneration
SKIPPED [1] tests/test_task16_oracle_contract.py:80: local generated NFI checkout is not the contract-pinned source
2535 passed, 55 skipped in 1876.57s (0:31:16)
