.........................................................sssssssssssssss [  3%]
ssss.................................................................... [  6%]
........................................................................ [  9%]
........................................................................ [ 12%]
........................................................................ [ 15%]
........................................................................ [ 18%]
........................................................................ [ 21%]
........................................................................ [ 24%]
........................................................................ [ 27%]
........................................................................ [ 30%]
.......................................................ssss............. [ 33%]
....................................................................ss.. [ 36%]
.sssssssssssssssssssssssss.............................................. [ 39%]
........................................................................ [ 42%]
........................................................................ [ 45%]
........................................................................ [ 48%]
........................................................................ [ 51%]
........................................................................ [ 54%]
........................................................................ [ 57%]
........................................................................ [ 60%]
........................................................................ [ 63%]
........................................................................ [ 66%]
........................................................................ [ 69%]
.......ss...............s............................................... [ 72%]
........................................................................ [ 75%]
..............s......................................................... [ 78%]
........................................................................ [ 81%]
........................................................................ [ 84%]
...................................................................s.... [ 87%]
................................................................F....... [ 90%]
........................................................................ [ 93%]
........................................................................ [ 97%]
.......................................................................  [100%]
=================================== FAILURES ===================================
__________ test_complete_published_replay_root_is_byte_deterministic ___________

tmp_path = PosixPath('/tmp/pytest-of-turing/pytest-460/test_complete_published_replay0')

    def test_complete_published_replay_root_is_byte_deterministic(
        tmp_path: Path,
    ) -> None:
        # Given: one complete Native replay root from a clean sequential execution.
>       first = replay_changed_signal("spot", "native")
                ^^^^^^^^^^^^^^^^^^^^^^^^^^^^^^^^^^^^^^^

tests/test_task8_r6_replay.py:22: 
_ _ _ _ _ _ _ _ _ _ _ _ _ _ _ _ _ _ _ _ _ _ _ _ _ _ _ _ _ _ _ _ _ _ _ _ _ _ _ _ 
python/nfi_backtest_engine/changed_signal_replay.py:66: in replay_changed_signal
    exact = _run_native(run) if lane == "native" else _run_official(run)
            ^^^^^^^^^^^^^^^^
_ _ _ _ _ _ _ _ _ _ _ _ _ _ _ _ _ _ _ _ _ _ _ _ _ _ _ _ _ _ _ _ _ _ _ _ _ _ _ _ 

run = ReplayRun(mode='spot', fixture=PosixPath('/home/turing/project/NFI_BacktestEngine/benchmarks/evidence/m22/current-x7-r...e/m22/current-x7-raw/spot/replay/manifest.json'), private_root=PosixPath('/tmp/task8-r6-private-spot-native-py3sns2q'))

    def _run_native(run: ReplayRun) -> bool:
        result = run_fixture_engine(
            run.manifest_path,
            run.private_root,
            timeout_seconds=600,
            verification_level="full",
        )
        tracked_root = run.fixture.parent
        produced = (
            (
                run.private_root / "research/engine-events.jsonl",
                tracked_root / "native-events.jsonl",
            ),
            (
                run.private_root / "research/simulation-result.json",
                tracked_root / "native-execution.json",
            ),
            (
                run.private_root / "engine-state-projected.trace",
                tracked_root / "native-state.nfitrace",
            ),
        )
        if any(
            hashlib.sha256(actual.read_bytes()).digest()
            != hashlib.sha256(expected.read_bytes()).digest()
            for actual, expected in produced
        ):
>           raise SystemExit("Native clean-room replay raw output differs from tracked bytes")
E           SystemExit: Native clean-room replay raw output differs from tracked bytes

python/nfi_backtest_engine/changed_signal_replay.py:113: SystemExit
=========================== short test summary info ============================
SKIPPED [3] tests/test_benchmark_snapshot.py:28: requires sealed memfd execution
SKIPPED [1] tests/test_benchmark_snapshot.py:66: requires sealed memfd execution
SKIPPED [1] tests/test_benchmark_snapshot.py:86: requires sealed memfd execution
SKIPPED [2] tests/test_benchmark_snapshot.py:104: requires sealed memfd execution
SKIPPED [4] tests/test_benchmark_snapshot.py:132: requires sealed memfd execution
SKIPPED [1] tests/test_benchmark_snapshot.py:169: requires sealed memfd execution
SKIPPED [3] tests/test_benchmark_snapshot.py:183: requires sealed memfd execution
SKIPPED [1] tests/test_benchmark_snapshot.py:205: requires sealed memfd execution
SKIPPED [3] tests/test_benchmark_snapshot.py:223: requires sealed memfd execution
SKIPPED [1] tests/test_input_boundaries.py:307: requires sealed memfd descriptor execution
SKIPPED [3] tests/test_input_boundaries.py:361: requires sealed memfd immutable snapshot
SKIPPED [1] tests/test_input_boundaries.py:982: requires Windows reparse-point APIs
SKIPPED [1] tests/test_input_boundaries.py:1004: requires Windows reparse-point APIs
SKIPPED [25] tests/test_input_boundaries.py:1163: requires Windows process Job APIs
SKIPPED [2] tests/test_semantic_registry_distribution.py:122: built distribution paths are supplied by the distribution lane
SKIPPED [1] tests/test_signal_fixture.py:50: pinned Freqtrade source checkout is required for regeneration
SKIPPED [1] tests/test_tag_fixture.py:56: pinned Freqtrade source checkout is required for regeneration
SKIPPED [1] tests/test_task16_oracle_contract.py:80: local generated NFI checkout is not the contract-pinned source
FAILED tests/test_task8_r6_replay.py::test_complete_published_replay_root_is_byte_deterministic
1 failed, 2319 passed, 55 skipped in 5569.90s (1:32:49)
